
R version 3.6.3 (2020-02-29) -- "Holding the Windsock"
Copyright (C) 2020 The R Foundation for Statistical Computing
Platform: x86_64-pc-linux-gnu (64-bit)

R is free software and comes with ABSOLUTELY NO WARRANTY.
You are welcome to redistribute it under certain conditions.
Type 'license()' or 'licence()' for distribution details.

  Natural language support but running in an English locale

R is a collaborative project with many contributors.
Type 'contributors()' for more information and
'citation()' on how to cite R or R packages in publications.

Type 'demo()' for some demos, 'help()' for on-line help, or
'help.start()' for an HTML browser interface to help.
Type 'q()' to quit R.

> library(mcmcse)
mcmcse: Monte Carlo Standard Errors for MCMC
Version 1.4-1 created on 2020-01-29.
copyright (c) 2012, James M. Flegal, University of California, Riverside
                    John Hughes, University of Colorado, Denver
                    Dootika Vats, University of Warwick
                    Ning Dai, University of Minnesota
 For citation information, type citation("mcmcse").
 Type help("mcmcse-package") to get started.

> library(pracma)
> library(rstan)
Loading required package: StanHeaders
Loading required package: ggplot2
rstan (Version 2.21.2, GitRev: 2e1f913d3ca3)
For execution on a local, multicore CPU with excess RAM we recommend calling
options(mc.cores = parallel::detectCores()).
To avoid recompilation of unchanged Stan programs, we recommend calling
rstan_options(auto_write = TRUE)
> 
> changepoint_uni <- function(chain) {
+     n = length(chain)
+     z = (cumsum(chain) - (1:n) * mean(chain)) / sqrt(n)
+     cov = as.numeric(sqrt(mcse.multi(chain, method = "bartlett")$cov))
+ 
+     brownian = z / cov
+     for (i in 1:n) {
+         if (abs(brownian[i]) > abs(brownian[i + 1])) {
+             breakmax = i + 1
+             break
+         }
+     }
+ 
+     brownianwt = numeric(n - 1)
+     for (i in 1:n - 1)
+         brownianwt[i] = brownian[i] / sqrt((i / n) * (1 - i / n))
+ 
+     breakpt = which.max(brownian)
+     breakptwt = which.max(brownianwt)
+ 
+     print(paste('\nSquared CUSUM method:\nThe estimated break pt. is at the index:', breakpt,
+               '\nSquared CUSUM-wt method:\nThe estimated break pt. is at the index:', breakptwt, sep = ""))
+ 
+     plot.ts(chain, main = "Sampled Markov chain", ylab = "chain", xlab = "Time")
+     abline(v = c(breakmax, breakpt, breakptwt), col = c("red", "blue", "green"))
+ 
+     #plot.ts(brownian, main = "CUSUM scaled process", ylab = "", xlab = "Time")
+     #abline(v = breakpt, col = "red")
+ 
+     #plot.ts(brownianwt, main = "CUSUM scaled process", ylab = "", xlab = "Time")
+     #abline(v = breakptwt, col = "blue")
+ }
> 
> changepoint_multi <- function(chain) {
+     p = ncol(chain)
+     n = nrow(chain)
+     z = matrix(0, nrow = n, ncol = p)
+     #mean = matrix(colMeans(chain),1,p)
+ 
+     z = apply(chain, 2, function(x, n = nrow(chain))(cumsum(x) - (1:n) * mean(x)) / sqrt(n)) #maybe later do z(0) = 0.
+     cov = mcse.multi(chain, method = "bartlett")$cov
+     covinv = solve(cov)
+     brownian = z %*% (sqrtm(cov)$Binv)
+ 
+     breakpts = numeric(p)
+     breakpts = apply(abs(brownian), 2, function(x) { for (i in 1:length(x))
+             if (x[i] > x[i + 1]) return(i + 1) })
+             estimate = max(breakpts)
+     which_chain = which.max(breakpts)
+     print(paste('LocalMax method:\nThe estimated break pt. is at the index:', estimate,
+               '\nBreak pt. corresponds to the chain in the component:', which_chain, sep = ""))
+ 
+     ### old method continued
+     qn = numeric(N)
+     qnwt = numeric(N - 1)
+ 
+     for (i in 1:N) {
+         qn[i] = t(as.matrix(z[i,])) %*% covinv %*% as.matrix(z[i,])
+         if (i != N)
+             qnwt[i] = qn[i] / ((i / N) * (1 - i / N))
+         }
+     breakcusum = which.max(abs(qn))
+     breakwt = which.max(abs(qnwt))
+     print(paste('\nSquared CUSUM method:\nThe estimated break pt. is at the index:', breakcusum,
+               '\nSquared CUSUM-wt method:\nThe estimated break pt. is at the index:', breakwt, sep = ""))
+ 
+ 
+     plot.ts(chain, main = "Sampled Markov chain", ylab = "chain", xlab = "Time")
+     abline(v = c(estimate, breakcusum, breakwt), col = c("red", "blue", "green"))
+     #legend("topright",legend=c("LocalMax", "Squared", "Squared-wt"),col=c("red", "blue","green"), lty=1:2, cex=0.8)
+ 
+     plot.ts(brownian, main = "Non-Squared CUSUM", ylab = "chain", xlab = "Time")
+     abline(v = c(estimate, breakcusum, breakwt), col = c("red", "blue", "green"))
+     #legend("topright",legend=c("LocalMax", "Squared", "Squared-wt"),col=c("red", "blue","green"), lty=1:2, cex=0.8)
+ 
+     plot(qn, main = "Squared CUSUM", ylab = "", xlab = "Time", type = "l")
+     abline(v = breakcusum, col = "blue")
+     plot(qnwt, main = "Squared CUSUM weighted", ylab = "", xlab = "Time", type = "l")
+     abline(v = breakwt, col = "green")
+ }
> 
> 
> changepoint <- function(chain) {
+     if (is.vector(chain))
+         return(changepoint_uni(chain))
+     else
+         return(changepoint_multi(chain))
+     }
> 
> changepoint_modf <- function(chain) {
+     for (i in 1:dim(chain)[2]) {
+         changepoint_uni(chain[, i])
+     }
+ }
> 
> load('output_stan/L63_HMC_chain_1_mtd5_bp_pv_10')
> p1 = extract(fit, inc_warmup = TRUE, permuted = FALSE)
> p1 = p1[, 1, 1:36]
> changepoint_modf(p1)
[1] "\nSquared CUSUM method:\nThe estimated break pt. is at the index:93724\nSquared CUSUM-wt method:\nThe estimated break pt. is at the index:97540"
[1] "\nSquared CUSUM method:\nThe estimated break pt. is at the index:80697\nSquared CUSUM-wt method:\nThe estimated break pt. is at the index:80699"
[1] "\nSquared CUSUM method:\nThe estimated break pt. is at the index:27949\nSquared CUSUM-wt method:\nThe estimated break pt. is at the index:1133"
[1] "\nSquared CUSUM method:\nThe estimated break pt. is at the index:9133\nSquared CUSUM-wt method:\nThe estimated break pt. is at the index:2325"
[1] "\nSquared CUSUM method:\nThe estimated break pt. is at the index:48324\nSquared CUSUM-wt method:\nThe estimated break pt. is at the index:41200"
[1] "\nSquared CUSUM method:\nThe estimated break pt. is at the index:66964\nSquared CUSUM-wt method:\nThe estimated break pt. is at the index:89405"
[1] "\nSquared CUSUM method:\nThe estimated break pt. is at the index:81375\nSquared CUSUM-wt method:\nThe estimated break pt. is at the index:96872"
[1] "\nSquared CUSUM method:\nThe estimated break pt. is at the index:70339\nSquared CUSUM-wt method:\nThe estimated break pt. is at the index:70339"
[1] "\nSquared CUSUM method:\nThe estimated break pt. is at the index:28561\nSquared CUSUM-wt method:\nThe estimated break pt. is at the index:99281"
[1] "\nSquared CUSUM method:\nThe estimated break pt. is at the index:4349\nSquared CUSUM-wt method:\nThe estimated break pt. is at the index:3107"
[1] "\nSquared CUSUM method:\nThe estimated break pt. is at the index:20963\nSquared CUSUM-wt method:\nThe estimated break pt. is at the index:1354"
[1] "\nSquared CUSUM method:\nThe estimated break pt. is at the index:64577\nSquared CUSUM-wt method:\nThe estimated break pt. is at the index:1273"
[1] "\nSquared CUSUM method:\nThe estimated break pt. is at the index:3034\nSquared CUSUM-wt method:\nThe estimated break pt. is at the index:1245"
[1] "\nSquared CUSUM method:\nThe estimated break pt. is at the index:20144\nSquared CUSUM-wt method:\nThe estimated break pt. is at the index:100"
[1] "\nSquared CUSUM method:\nThe estimated break pt. is at the index:2522\nSquared CUSUM-wt method:\nThe estimated break pt. is at the index:862"
[1] "\nSquared CUSUM method:\nThe estimated break pt. is at the index:7091\nSquared CUSUM-wt method:\nThe estimated break pt. is at the index:1199"
[1] "\nSquared CUSUM method:\nThe estimated break pt. is at the index:86878\nSquared CUSUM-wt method:\nThe estimated break pt. is at the index:1330"
[1] "\nSquared CUSUM method:\nThe estimated break pt. is at the index:3825\nSquared CUSUM-wt method:\nThe estimated break pt. is at the index:1053"
[1] "\nSquared CUSUM method:\nThe estimated break pt. is at the index:40487\nSquared CUSUM-wt method:\nThe estimated break pt. is at the index:40487"
[1] "\nSquared CUSUM method:\nThe estimated break pt. is at the index:100000\nSquared CUSUM-wt method:\nThe estimated break pt. is at the index:99999"
[1] "\nSquared CUSUM method:\nThe estimated break pt. is at the index:98216\nSquared CUSUM-wt method:\nThe estimated break pt. is at the index:98221"
[1] "\nSquared CUSUM method:\nThe estimated break pt. is at the index:60116\nSquared CUSUM-wt method:\nThe estimated break pt. is at the index:76899"
[1] "\nSquared CUSUM method:\nThe estimated break pt. is at the index:61242\nSquared CUSUM-wt method:\nThe estimated break pt. is at the index:61267"
[1] "\nSquared CUSUM method:\nThe estimated break pt. is at the index:80442\nSquared CUSUM-wt method:\nThe estimated break pt. is at the index:97534"
[1] "\nSquared CUSUM method:\nThe estimated break pt. is at the index:18388\nSquared CUSUM-wt method:\nThe estimated break pt. is at the index:3468"
[1] "\nSquared CUSUM method:\nThe estimated break pt. is at the index:99238\nSquared CUSUM-wt method:\nThe estimated break pt. is at the index:99258"
[1] "\nSquared CUSUM method:\nThe estimated break pt. is at the index:58750\nSquared CUSUM-wt method:\nThe estimated break pt. is at the index:593"
[1] "\nSquared CUSUM method:\nThe estimated break pt. is at the index:81290\nSquared CUSUM-wt method:\nThe estimated break pt. is at the index:96874"
[1] "\nSquared CUSUM method:\nThe estimated break pt. is at the index:4370\nSquared CUSUM-wt method:\nThe estimated break pt. is at the index:450"
[1] "\nSquared CUSUM method:\nThe estimated break pt. is at the index:27933\nSquared CUSUM-wt method:\nThe estimated break pt. is at the index:99279"
[1] "\nSquared CUSUM method:\nThe estimated break pt. is at the index:40316\nSquared CUSUM-wt method:\nThe estimated break pt. is at the index:99624"
[1] "\nSquared CUSUM method:\nThe estimated break pt. is at the index:58782\nSquared CUSUM-wt method:\nThe estimated break pt. is at the index:58782"
[1] "\nSquared CUSUM method:\nThe estimated break pt. is at the index:77155\nSquared CUSUM-wt method:\nThe estimated break pt. is at the index:890"
[1] "\nSquared CUSUM method:\nThe estimated break pt. is at the index:73121\nSquared CUSUM-wt method:\nThe estimated break pt. is at the index:550"
[1] "\nSquared CUSUM method:\nThe estimated break pt. is at the index:70079\nSquared CUSUM-wt method:\nThe estimated break pt. is at the index:3530"
[1] "\nSquared CUSUM method:\nThe estimated break pt. is at the index:10083\nSquared CUSUM-wt method:\nThe estimated break pt. is at the index:643"
> 
> proc.time()
   user  system elapsed 
 34.671   3.484  43.564 
